// Jest Snapshot v1, https://goo.gl/fbAQLP

exports[`Pruebas en <GifGrid /> debe de mostrar items cuando se cargan imag√©nes useFetchGifs 1`] = `
<Fragment>
  <h3>
    One Punch
  </h3>
  <div
    className="card-grid"
  >
    <GifGridItem
      id="ABC"
      key="ABC"
      title="Cualquier cosa"
      url="http://localhost/cualquiercosa.jpg"
    />
    <GifGridItem
      id="DEF"
      key="DEF"
      title="Cualquier cosa"
      url="http://localhost/cualquiercosa.jpg"
    />
  </div>
</Fragment>
`;

exports[`Pruebas en <GifGrid /> debe de mostrarse correctamente 1`] = `
<Fragment>
  <h3>
    One Punch
  </h3>
  <p
    className="animate__animated animate__flash"
  >
    Loading
  </p>
  <div
    className="card-grid"
  />
</Fragment>
`;
